%!Adobe-FontList 1.22
%Locale:0x409

%BeginFont
Handler:DirectoryHandler
FontType:Invalid
OutlineFileName:E:\fun Roulette\Font\0  17.png
FileModTime:1685527175
%EndFont

%BeginFont
Handler:DirectoryHandler
FontType:Invalid
OutlineFileName:E:\fun Roulette\Font\0.00.png
FileModTime:1685527291
%EndFont

%BeginFont
Handler:DirectoryHandler
FontType:Invalid
OutlineFileName:E:\fun Roulette\Font\0.png
FileModTime:1685527732
%EndFont

%BeginFont
Handler:DirectoryHandler
FontType:Invalid
OutlineFileName:E:\fun Roulette\Font\1 To 18.png
FileModTime:1685528002
%EndFont

%BeginFont
Handler:DirectoryHandler
FontType:Invalid
OutlineFileName:E:\fun Roulette\Font\19 To 36.png
FileModTime:1685528066
%EndFont

%BeginFont
Handler:DirectoryHandler
FontType:Invalid
OutlineFileName:E:\fun Roulette\Font\1st 12.png
FileModTime:1685528125
%EndFont

%BeginFont
Handler:DirectoryHandler
FontType:Invalid
OutlineFileName:E:\fun Roulette\Font\2 To 1 -.png
FileModTime:1685528174
%EndFont

%BeginFont
Handler:DirectoryHandler
FontType:Invalid
OutlineFileName:E:\fun Roulette\Font\2 To 1 -2.png
FileModTime:1685528174
%EndFont

%BeginFont
Handler:DirectoryHandler
FontType:Invalid
OutlineFileName:E:\fun Roulette\Font\2 To 1.png
FileModTime:1685528174
%EndFont

%BeginFont
Handler:DirectoryHandler
FontType:Invalid
OutlineFileName:E:\fun Roulette\Font\2nd 12.png
FileModTime:1685528111
%EndFont

%BeginFont
Handler:DirectoryHandler
FontType:Invalid
OutlineFileName:E:\fun Roulette\Font\3 00 13 32 33.png
FileModTime:1685527655
%EndFont

%BeginFont
Handler:DirectoryHandler
FontType:Invalid
OutlineFileName:E:\fun Roulette\Font\3rd 12.png
FileModTime:1685528097
%EndFont

%BeginFont
Handler:DirectoryHandler
FontType:Invalid
OutlineFileName:E:\fun Roulette\Font\Bet ok.png
FileModTime:1685527421
%EndFont

%BeginFont
Handler:DirectoryHandler
FontType:Invalid
OutlineFileName:E:\fun Roulette\Font\Cancel Spesific Bet.png
FileModTime:1685527860
%EndFont

%BeginFont
Handler:DirectoryHandler
FontType:Invalid
OutlineFileName:E:\fun Roulette\Font\Cancel bet.png
FileModTime:1685527483
%EndFont

%BeginFont
Handler:DirectoryHandler
FontType:Invalid
OutlineFileName:E:\fun Roulette\Font\Even.png
FileModTime:1685528047
%EndFont

%BeginFont
Handler:DirectoryHandler
FontType:Invalid
OutlineFileName:E:\fun Roulette\Font\Exit.png
FileModTime:1685529431
%EndFont

%BeginFont
Handler:DirectoryHandler
FontType:Invalid
OutlineFileName:E:\fun Roulette\Font\Odd.png
FileModTime:1685528027
%EndFont

%BeginFont
Handler:DirectoryHandler
FontType:Invalid
OutlineFileName:E:\fun Roulette\Font\Please Bet To Start.png
FileModTime:1685529342
%EndFont

%BeginFont
Handler:DirectoryHandler
FontType:Invalid
OutlineFileName:E:\fun Roulette\Font\Score.png
FileModTime:1685527306
%EndFont

%BeginFont
Handler:DirectoryHandler
FontType:Invalid
OutlineFileName:E:\fun Roulette\Font\Take.png
FileModTime:1685527398
%EndFont

%BeginFont
Handler:DirectoryHandler
FontType:Invalid
OutlineFileName:E:\fun Roulette\Font\Wheel Zoom.png
FileModTime:1685527339
%EndFont

%BeginFont
Handler:DirectoryHandler
FontType:Invalid
OutlineFileName:E:\fun Roulette\Font\Winner.png
FileModTime:1685527776
%EndFont

%BeginFont
Handler:DirectoryHandler
FontType:Invalid
OutlineFileName:E:\fun Roulette\Font\o left bottom.png
FileModTime:1685529242
%EndFont

